../Core/Src/main.c:16:6:setHighBlueLed	16	static
../Core/Src/main.c:22:6:setLowBlueLed	16	static
../Core/Src/main.c:28:6:readStatusButton	16	static
../Core/Src/main.c:33:6:init_usart1	40	static
../Core/Src/main.c:64:6:transmissionEachByte	24	static
../Core/Src/main.c:77:6:myPrintf	272	static
../Core/Src/main.c:87:6:my_handler	16	static
../Core/Src/main.c:104:6:init_exti0	56	static
../Core/Src/main.c:137:6:initButton	16	static
../Core/Src/main.c:145:6:initBlueLed	16	static
../Core/Src/main.c:154:5:main	8	static
